// Jest Snapshot v1, https://goo.gl/fbAQLP

exports[`renders correctly 1`] = `
<nav
  id="nav"
>
  <button
    onClick={[Function]}
  >
    <img
      alt="Historik"
      src="1px.gif"
    />
  </button>
  <button
    onClick={[Function]}
  >
    <img
      alt="Logga träning"
      src="1px.gif"
    />
  </button>
  <button
    onClick={[Function]}
  >
    <img
      alt="Slaskn"
      src="1px.gif"
    />
  </button>
</nav>
`;
