// Jest Snapshot v1, https://goo.gl/fbAQLP

exports[`renders correctly 1`] = `
Array [
  <tr>
    <th>
      Press
    </th>
    <th>
      70
       kg 
      <small>
        1rm
      </small>
    </th>
  </tr>,
  <tr
    className=""
  >
    <td>
      <big>
        5
      </big>
       reps
    </td>
    <td>
      <big>
        60
      </big>
       kg
    </td>
  </tr>,
  <tr
    className=""
  >
    <td>
      <big>
        5
      </big>
       reps
    </td>
    <td>
      <big>
        60
      </big>
       kg
    </td>
  </tr>,
  <tr
    className=""
  >
    <td>
      <big>
        5
      </big>
       reps
    </td>
    <td>
      <big>
        60
      </big>
       kg
    </td>
  </tr>,
]
`;
