// Jest Snapshot v1, https://goo.gl/fbAQLP

exports[`renders correctly 1`] = `
Array [
  <tr>
    <th>
      Press
    </th>
    <th
      colSpan="2"
    >
      70
       kg 
      <small>
        1rm
      </small>
    </th>
  </tr>,
  <tr
    className=""
  >
    <td>
      <big>
        5
      </big>
       reps
    </td>
    <td>
      <big>
        60
      </big>
       kg
    </td>
    <td>
      <button
        onClick={[Function]}
        type="button"
      >
        <img
          alt="Ta bort"
          src="1px.gif"
        />
      </button>
      <button
        onClick={[Function]}
        type="button"
      >
        <img
          alt="Ändra"
          src="1px.gif"
        />
      </button>
    </td>
  </tr>,
  <tr
    className=""
  >
    <td>
      <big>
        5
      </big>
       reps
    </td>
    <td>
      <big>
        60
      </big>
       kg
    </td>
    <td>
      <button
        onClick={[Function]}
        type="button"
      >
        <img
          alt="Ta bort"
          src="1px.gif"
        />
      </button>
      <button
        onClick={[Function]}
        type="button"
      >
        <img
          alt="Ändra"
          src="1px.gif"
        />
      </button>
    </td>
  </tr>,
  <tr
    className=""
  >
    <td>
      <big>
        5
      </big>
       reps
    </td>
    <td>
      <big>
        60
      </big>
       kg
    </td>
    <td>
      <button
        onClick={[Function]}
        type="button"
      >
        <img
          alt="Ta bort"
          src="1px.gif"
        />
      </button>
      <button
        onClick={[Function]}
        type="button"
      >
        <img
          alt="Ändra"
          src="1px.gif"
        />
      </button>
    </td>
  </tr>,
]
`;
